108461.300, 43541.741, 83.032, 214.067, 7680.165, 7943.893, 0.000, 87352.625, 4534.700, 0.000, 0.000, 949.917, 0.000, 0.000, 0.000
108322.204, 41371.305, 87.276, 200.614, 7720.966, 7970.987, 0.000, 87037.334, 4699.083, 0.000, 0.000, 893.834, 0.000, 0.000, 0.000
110503.040, 41967.503, 87.769, 199.803, 7735.448, 7934.433, 0.000, 89383.826, 4555.277, 0.000, 0.000, 894.056, 0.000, 0.000, 0.000
107890.164, 41263.959, 87.154, 206.301, 7721.217, 7887.482, 0.000, 86798.930, 4571.512, 0.000, 0.000, 911.023, 0.000, 0.000, 0.000
107770.542, 41294.542, 86.993, 199.012, 7719.710, 7913.077, 0.000, 86667.965, 4572.006, 0.000, 0.000, 897.784, 0.000, 0.000, 0.000
106789.993, 40490.941, 87.913, 209.186, 7750.902, 7925.804, 0.000, 85660.161, 4558.325, 0.000, 0.000, 894.801, 0.000, 0.000, 0.000
113358.357, 45970.572, 82.196, 212.490, 7726.764, 7963.472, 0.000, 92207.458, 4559.790, 0.000, 0.000, 900.873, 0.000, 0.000, 0.000
110054.992, 41618.417, 88.146, 207.248, 7706.623, 7913.848, 0.000, 88976.745, 4553.629, 0.000, 0.000, 904.147, 0.000, 0.000, 0.000
105436.875, 40937.613, 85.852, 199.193, 7764.648, 7864.776, 0.000, 84387.826, 4542.237, 0.000, 0.000, 877.388, 0.000, 0.000, 0.000
101899.745, 39027.444, 87.033, 202.248, 7805.014, 7904.932, 0.000, 80622.627, 4624.650, 0.000, 0.000, 942.522, 0.000, 0.000, 0.000
103821.729, 42522.173, 81.386, 211.754, 7706.117, 8108.690, 0.000, 82552.806, 4566.780, 0.000, 0.000, 887.336, 0.000, 0.000, 0.000
109575.690, 41504.164, 88.004, 202.368, 7748.516, 7939.606, 0.000, 88418.571, 4572.178, 0.000, 0.000, 896.819, 0.000, 0.000, 0.000
104899.645, 40742.976, 85.822, 201.440, 7707.341, 7919.365, 0.000, 83802.949, 4549.174, 0.000, 0.000, 920.816, 0.000, 0.000, 0.000
109622.191, 41202.978, 88.685, 201.989, 7696.262, 7901.059, 0.000, 88555.179, 4567.665, 0.000, 0.000, 902.026, 0.000, 0.000, 0.000
107341.088, 40576.560, 88.180, 202.626, 7696.208, 8006.982, 0.000, 86152.321, 4578.710, 0.000, 0.000, 906.867, 0.000, 0.000, 0.000
108984.763, 41841.335, 86.824, 212.277, 7710.784, 7914.977, 0.000, 87859.582, 4576.480, 0.000, 0.000, 922.940, 0.000, 0.000, 0.000
114763.732, 43696.207, 87.547, 211.897, 7727.200, 7901.246, 0.000, 93662.486, 4567.626, 0.000, 0.000, 905.174, 0.000, 0.000, 0.000
116500.818, 44339.206, 87.583, 204.050, 7686.002, 7955.849, 0.000, 95416.043, 4545.395, 0.000, 0.000, 897.529, 0.000, 0.000, 0.000
108556.225, 41526.298, 87.139, 202.217, 7775.130, 7894.910, 0.000, 87446.334, 4537.072, 0.000, 0.000, 902.779, 0.000, 0.000, 0.000
116363.183, 44624.995, 86.919, 202.056, 7680.553, 7938.110, 0.000, 95294.125, 4554.246, 0.000, 0.000, 896.149, 0.000, 0.000, 0.000
106881.062, 40775.608, 87.373, 206.577, 7728.170, 7877.607, 0.000, 85794.211, 4581.141, 0.000, 0.000, 899.933, 0.000, 0.000, 0.000
109901.427, 41708.814, 87.832, 204.429, 7721.943, 7921.150, 0.000, 88810.725, 4544.153, 0.000, 0.000, 903.456, 0.000, 0.000, 0.000
108329.186, 40839.309, 88.419, 199.640, 7729.391, 7911.204, 0.000, 87229.357, 4559.284, 0.000, 0.000, 899.950, 0.000, 0.000, 0.000
110936.487, 41741.064, 88.591, 215.320, 7690.716, 7924.036, 0.000, 89860.410, 4550.002, 0.000, 0.000, 911.323, 0.000, 0.000, 0.000
107995.532, 41505.373, 86.732, 206.395, 7701.028, 7917.805, 0.000, 86903.903, 4567.819, 0.000, 0.000, 904.977, 0.000, 0.000, 0.000
109921.478, 42382.183, 86.453, 234.723, 7703.311, 7935.351, 0.000, 88809.548, 4579.531, 0.000, 0.000, 893.737, 0.000, 0.000, 0.000
107546.570, 41109.359, 87.204, 201.747, 7720.861, 7921.575, 0.000, 86452.783, 4550.217, 0.000, 0.000, 901.134, 0.000, 0.000, 0.000
113869.022, 43063.273, 88.141, 210.852, 7732.899, 7914.082, 0.000, 92778.344, 4535.783, 0.000, 0.000, 907.914, 0.000, 0.000, 0.000
107588.492, 40857.619, 87.775, 204.314, 7747.578, 7965.524, 0.000, 86400.834, 4576.986, 0.000, 0.000, 897.570, 0.000, 0.000, 0.000
114658.269, 43559.220, 87.741, 201.337, 7686.833, 7943.229, 0.000, 93555.179, 4571.770, 0.000, 0.000, 901.258, 0.000, 0.000, 0.000
111094.785, 42328.523, 87.486, 209.370, 7737.727, 7893.111, 0.000, 90003.637, 4549.651, 0.000, 0.000, 910.659, 0.000, 0.000, 0.000
117430.689, 44330.556, 88.299, 214.262, 7710.256, 7923.892, 0.000, 96317.177, 4581.322, 0.000, 0.000, 898.042, 0.000, 0.000, 0.000
101218.192, 38777.990, 87.007, 199.779, 7697.622, 7887.905, 0.000, 80135.998, 4588.582, 0.000, 0.000, 908.085, 0.000, 0.000, 0.000
104931.539, 40220.561, 86.963, 205.295, 7703.828, 7912.907, 0.000, 83864.124, 4547.422, 0.000, 0.000, 903.258, 0.000, 0.000, 0.000
108266.965, 41296.313, 87.390, 200.960, 7729.942, 7927.630, 0.000, 87161.795, 4544.430, 0.000, 0.000, 903.168, 0.000, 0.000, 0.000
111387.752, 42741.607, 86.869, 208.548, 7760.107, 7910.872, 0.000, 90264.302, 4562.872, 0.000, 0.000, 889.599, 0.000, 0.000, 0.000
102825.381, 39734.650, 86.260, 202.009, 7711.246, 7897.066, 0.000, 81763.914, 4556.695, 0.000, 0.000, 896.460, 0.000, 0.000, 0.000
102449.149, 40019.622, 85.332, 203.824, 7685.677, 7923.342, 0.000, 81393.676, 4552.845, 0.000, 0.000, 893.609, 0.000, 0.000, 0.000
114567.846, 43191.042, 88.419, 211.932, 7708.845, 7913.406, 0.000, 93470.507, 4575.192, 0.000, 0.000, 899.896, 0.000, 0.000, 0.000
112712.355, 42313.941, 88.791, 214.733, 7727.227, 7934.432, 0.000, 91570.667, 4567.704, 0.000, 0.000, 912.325, 0.000, 0.000, 0.000
111396.348, 42318.741, 87.744, 204.519, 7710.587, 7907.744, 0.000, 90281.605, 4591.187, 0.000, 0.000, 905.225, 0.000, 0.000, 0.000
108400.282, 41096.542, 87.923, 201.570, 7738.575, 7904.610, 0.000, 87305.889, 4552.170, 0.000, 0.000, 899.038, 0.000, 0.000, 0.000
114358.796, 43197.311, 88.245, 213.313, 7735.455, 7937.061, 0.000, 93235.786, 4544.355, 0.000, 0.000, 906.139, 0.000, 0.000, 0.000
109055.429, 41748.505, 87.073, 208.189, 7707.507, 7889.099, 0.000, 87991.842, 4579.734, 0.000, 0.000, 887.247, 0.000, 0.000, 0.000
113319.300, 42872.457, 88.106, 212.509, 7725.431, 7897.951, 0.000, 92216.569, 4584.737, 0.000, 0.000, 894.612, 0.000, 0.000, 0.000
118170.137, 44439.791, 88.637, 210.286, 7725.540, 7880.095, 0.000, 97141.677, 4528.313, 0.000, 0.000, 894.512, 0.000, 0.000, 0.000
103180.906, 39523.775, 87.020, 257.001, 7767.276, 7901.805, 0.000, 82046.706, 4570.280, 0.000, 0.000, 894.839, 0.000, 0.000, 0.000
103996.287, 40060.604, 86.532, 205.487, 7734.285, 7903.268, 0.000, 82888.328, 4571.128, 0.000, 0.000, 899.278, 0.000, 0.000, 0.000
106813.778, 40923.489, 87.003, 211.683, 7748.374, 7921.914, 0.000, 85675.958, 4560.170, 0.000, 0.000, 907.362, 0.000, 0.000, 0.000
111083.748, 42605.624, 86.909, 208.160, 7686.277, 7953.427, 0.000, 89968.846, 4566.307, 0.000, 0.000, 908.891, 0.000, 0.000, 0.000
107917.650, 41532.550, 86.613, 226.731, 7709.640, 7960.713, 0.000, 86819.200, 4536.776, 0.000, 0.000, 891.321, 0.000, 0.000, 0.000
105620.694, 40488.220, 86.956, 204.371, 7725.256, 7910.631, 0.000, 84531.000, 4556.951, 0.000, 0.000, 896.856, 0.000, 0.000, 0.000
108021.781, 41649.868, 86.452, 200.261, 7705.943, 7916.263, 0.000, 86950.681, 4559.565, 0.000, 0.000, 889.329, 0.000, 0.000, 0.000
111948.091, 42572.635, 87.653, 210.863, 7743.085, 7912.812, 0.000, 90850.546, 4552.176, 0.000, 0.000, 889.472, 0.000, 0.000, 0.000
107483.842, 40938.794, 87.516, 210.079, 7696.170, 7935.346, 0.000, 86387.151, 4573.730, 0.000, 0.000, 891.445, 0.000, 0.000, 0.000
112112.741, 42317.895, 88.310, 212.031, 7739.301, 7961.688, 0.000, 90970.188, 4544.191, 0.000, 0.000, 897.373, 0.000, 0.000, 0.000
110175.540, 41613.770, 88.252, 213.864, 7717.791, 7928.187, 0.000, 89035.933, 4559.061, 0.000, 0.000, 934.568, 0.000, 0.000, 0.000
113501.965, 43152.964, 87.674, 208.826, 7674.345, 7930.427, 0.000, 92400.415, 4572.792, 0.000, 0.000, 923.986, 0.000, 0.000, 0.000
107843.086, 41114.367, 87.433, 201.568, 7717.663, 7959.330, 0.000, 86708.227, 4548.703, 0.000, 0.000, 909.163, 0.000, 0.000, 0.000
109341.965, 41541.444, 87.737, 209.632, 7723.421, 7909.643, 0.000, 88214.860, 4592.359, 0.000, 0.000, 901.682, 0.000, 0.000, 0.000
103741.630, 40396.962, 85.602, 204.917, 7729.537, 7954.241, 0.000, 82609.608, 4538.193, 0.000, 0.000, 910.051, 0.000, 0.000, 0.000
108246.167, 41033.462, 87.933, 210.517, 7712.430, 7931.683, 0.000, 87162.312, 4554.879, 0.000, 0.000, 884.863, 0.000, 0.000, 0.000
113465.672, 42777.876, 88.415, 217.035, 7698.130, 7921.170, 0.000, 92391.577, 4559.274, 0.000, 0.000, 895.521, 0.000, 0.000, 0.000
113599.619, 43001.714, 88.058, 202.425, 7677.093, 7899.965, 0.000, 92578.714, 4536.685, 0.000, 0.000, 907.162, 0.000, 0.000, 0.000
110660.223, 42173.684, 87.464, 200.595, 7717.116, 7927.082, 0.000, 89570.402, 4541.760, 0.000, 0.000, 903.863, 0.000, 0.000, 0.000
109888.279, 42377.910, 86.435, 208.324, 7704.225, 7982.523, 0.000, 88760.239, 4538.286, 0.000, 0.000, 903.006, 0.000, 0.000, 0.000
117082.131, 44540.415, 87.622, 209.005, 7737.987, 7945.774, 0.000, 95943.755, 4549.393, 0.000, 0.000, 905.222, 0.000, 0.000, 0.000
104059.306, 39314.578, 88.228, 201.919, 7730.289, 7907.336, 0.000, 83005.811, 4537.477, 0.000, 0.000, 878.393, 0.000, 0.000, 0.000
107377.460, 40741.248, 87.853, 210.424, 7698.114, 7956.550, 0.000, 86284.462, 4536.306, 0.000, 0.000, 902.028, 0.000, 0.000, 0.000
111170.482, 42548.082, 87.094, 200.358, 7706.465, 7903.566, 0.000, 90115.909, 4555.848, 0.000, 0.000, 888.694, 0.000, 0.000, 0.000
103432.212, 39768.681, 86.695, 201.687, 7690.732, 7904.276, 0.000, 82395.921, 4552.056, 0.000, 0.000, 889.227, 0.000, 0.000, 0.000
111817.113, 42141.980, 88.445, 203.527, 7749.947, 7895.096, 0.000, 90714.391, 4549.906, 0.000, 0.000, 907.773, 0.000, 0.000, 0.000
109161.372, 41885.048, 86.874, 198.939, 7696.259, 7918.225, 0.000, 88093.011, 4547.819, 0.000, 0.000, 906.058, 0.000, 0.000, 0.000
113126.123, 42977.312, 87.741, 200.734, 7733.441, 7919.615, 0.000, 92010.269, 4568.840, 0.000, 0.000, 893.958, 0.000, 0.000, 0.000
113534.196, 42793.878, 88.435, 222.430, 7734.919, 7896.812, 0.000, 92429.519, 4571.761, 0.000, 0.000, 901.185, 0.000, 0.000, 0.000
112336.205, 43407.006, 86.266, 208.946, 7708.873, 7941.702, 0.000, 91234.771, 4545.104, 0.000, 0.000, 905.755, 0.000, 0.000, 0.000
106581.097, 40680.963, 87.331, 200.453, 7693.623, 7938.201, 0.000, 85501.344, 4549.320, 0.000, 0.000, 898.609, 0.000, 0.000, 0.000
113788.849, 43142.441, 87.917, 207.869, 7703.641, 7921.413, 0.000, 92663.650, 4588.042, 0.000, 0.000, 912.103, 0.000, 0.000, 0.000
115012.066, 44132.767, 86.868, 206.704, 7705.214, 7905.980, 0.000, 93965.057, 4529.317, 0.000, 0.000, 906.498, 0.000, 0.000, 0.000
107043.447, 40425.760, 88.263, 200.408, 7756.122, 7900.388, 0.000, 85950.553, 4535.154, 0.000, 0.000, 901.230, 0.000, 0.000, 0.000
102391.577, 39368.510, 86.695, 208.660, 7754.992, 7936.315, 0.000, 81236.291, 4549.610, 0.000, 0.000, 914.369, 0.000, 0.000, 0.000
110369.878, 41590.216, 88.458, 200.435, 7715.625, 7934.700, 0.000, 89266.515, 4546.015, 0.000, 0.000, 907.023, 0.000, 0.000, 0.000
103316.563, 39616.200, 86.931, 204.556, 7738.674, 7971.889, 0.000, 82159.646, 4548.349, 0.000, 0.000, 898.005, 0.000, 0.000, 0.000
107304.119, 40960.324, 87.324, 201.807, 7693.758, 7934.968, 0.000, 86235.489, 4538.986, 0.000, 0.000, 900.918, 0.000, 0.000, 0.000
111751.025, 42919.178, 86.792, 204.232, 7691.498, 7925.353, 0.000, 90682.685, 4546.012, 0.000, 0.000, 905.477, 0.000, 0.000, 0.000
109460.387, 41991.730, 86.890, 215.652, 7736.958, 7933.084, 0.000, 88317.723, 4569.321, 0.000, 0.000, 903.301, 0.000, 0.000, 0.000
105984.311, 40534.974, 87.155, 205.885, 7686.345, 7918.161, 0.000, 84949.506, 4532.177, 0.000, 0.000, 898.122, 0.000, 0.000, 0.000
112877.849, 43001.186, 87.500, 195.798, 7759.697, 7909.211, 0.000, 91741.840, 4557.567, 0.000, 0.000, 909.534, 0.000, 0.000, 0.000
102798.941, 40061.030, 85.535, 201.339, 7706.694, 7923.659, 0.000, 81731.493, 4533.925, 0.000, 0.000, 903.170, 0.000, 0.000, 0.000
101520.875, 39444.255, 85.793, 203.829, 7709.405, 7928.841, 0.000, 80398.872, 4556.986, 0.000, 0.000, 926.771, 0.000, 0.000, 0.000
111872.155, 42833.443, 87.060, 223.223, 7698.728, 7945.341, 0.000, 90763.641, 4559.420, 0.000, 0.000, 905.025, 0.000, 0.000, 0.000
108346.295, 41360.682, 87.318, 210.333, 7702.480, 7948.208, 0.000, 87198.935, 4602.506, 0.000, 0.000, 894.166, 0.000, 0.000, 0.000
107732.385, 41472.613, 86.589, 201.769, 7707.337, 7898.618, 0.000, 86669.871, 4552.309, 0.000, 0.000, 904.250, 0.000, 0.000, 0.000
105466.065, 39839.843, 88.242, 212.503, 7704.084, 7900.330, 0.000, 84367.003, 4572.937, 0.000, 0.000, 921.711, 0.000, 0.000, 0.000
110973.047, 42475.998, 87.087, 197.428, 7692.182, 7995.719, 0.000, 89824.794, 4558.963, 0.000, 0.000, 901.389, 0.000, 0.000, 0.000
106012.508, 41314.335, 85.533, 212.211, 7674.287, 7953.037, 0.000, 84948.033, 4543.376, 0.000, 0.000, 893.775, 0.000, 0.000, 0.000
105782.996, 41194.033, 85.597, 200.460, 7732.321, 7884.210, 0.000, 84736.210, 4539.513, 0.000, 0.000, 890.742, 0.000, 0.000, 0.000
107809.800, 41779.461, 86.015, 213.628, 7699.704, 7908.734, 0.000, 86702.613, 4583.587, 0.000, 0.000, 915.162, 0.000, 0.000, 0.000
108158.211, 41687.751, 86.483, 208.262, 7700.989, 7930.153, 0.000, 87077.239, 4550.099, 0.000, 0.000, 899.731, 0.000, 0.000, 0.000
110303.352, 41877.477, 87.798, 202.925, 7709.015, 7896.357, 0.000, 89237.850, 4565.710, 0.000, 0.000, 894.420, 0.000, 0.000, 0.000
